// Jest Snapshot v1, https://goo.gl/fbAQLP

exports[`UTAInfoThirteen Screen should render UTAInfoThirteen Screen correctly 1`] = `
<BVLinearGradient
  colors={
    [
      4279917603,
      4278984207,
      4278650631,
    ]
  }
  endPoint={
    {
      "x": 0.5,
      "y": 1,
    }
  }
  locations={null}
  startPoint={
    {
      "x": 0.5,
      "y": 0,
    }
  }
  style={
    {
      "flexBasis": "0%",
      "flexGrow": 1,
      "flexShrink": 1,
      "position": "relative",
    }
  }
>
  <Image
    resizeMode="cover"
    source={
      {
        "testUri": "../../../src/assets/images/grassBackground.jpg",
      }
    }
    style={
      {
        "opacity": 0.1,
        "position": "absolute",
      }
    }
  />
  <RCTSafeAreaView
    style={
      {
        "height": "100%",
        "paddingTop": 50,
      }
    }
  >
    <RCTScrollView
      contentContainerStyle={
        {
          "flexGrow": 1,
        }
      }
      keyboardShouldPersistTaps="handled"
    >
      <View>
        <View
          style={
            {
              "marginLeft": 16,
              "marginRight": 16,
              "marginTop": 32,
            }
          }
          testID="UTAInfoThirteenScreenTestID"
        >
          <Text
            style={
              [
                {
                  "color": "#FFFFFF",
                  "lineHeight": 28,
                },
                {
                  "fontFamily": "SourceSansPro-Regular",
                  "fontSize": 18,
                  "fontWeight": "normal",
                  "textAlign": "auto",
                },
              ]
            }
          >
            Keep up with your progress by reviewing a snapshot of your swing results this month as compared to last month.
          
Toggle through month-by-month to see how your scores improve over time, and identify areas of your swing that could be improved.
          </Text>
        </View>
      </View>
    </RCTScrollView>
  </RCTSafeAreaView>
</BVLinearGradient>
`;
