// Jest Snapshot v1, https://goo.gl/fbAQLP

exports[`InstructionsSkipModal Component should render InstructionsSkipModal component correctly 1`] = `
<View
  testID="InstructionsSkipModalTestID"
>
  <Modal
    animationType="none"
    deviceHeight={null}
    deviceWidth={null}
    hardwareAccelerated={false}
    hideModalContentWhileAnimating={false}
    onBackdropPress={[Function]}
    onModalHide={[Function]}
    onModalWillHide={[Function]}
    onModalWillShow={[Function]}
    onRequestClose={[MockFunction]}
    panResponderThreshold={4}
    scrollHorizontal={false}
    scrollOffset={0}
    scrollOffsetMax={0}
    scrollTo={null}
    statusBarTranslucent={false}
    supportedOrientations={
      [
        "portrait",
        "landscape",
      ]
    }
    swipeThreshold={100}
    transparent={true}
    visible={false}
  />
</View>
`;
