// Jest Snapshot v1, https://goo.gl/fbAQLP

exports[`UploadedVideoCountBanner Component should render Component correctly 1`] = `
<View
  style={
    [
      {
        "display": "flex",
        "flexDirection": "row",
        "justifyContent": "space-between",
        "minHeight": 60,
      },
    ]
  }
  testID="UploadedVideoCountBannerComponentTestID"
>
  <View
    style={
      {
        "alignItems": "center",
        "backgroundColor": "#1A5C23",
        "borderRadius": 10,
        "flexBasis": "0%",
        "flexDirection": "row",
        "flexGrow": 1,
        "flexShrink": 1,
        "justifyContent": "flex-start",
      }
    }
  >
    <View
      style={
        {
          "marginLeft": 10,
          "marginRight": 16,
        }
      }
    >
      <Text
        style={
          [
            {
              "color": "#FFFFFF",
              "lineHeight": 64,
            },
            {
              "fontFamily": "SourceSansPro-Regular",
              "fontSize": 48,
              "fontWeight": "bold",
              "textAlign": "center",
            },
          ]
        }
      >
        24
      </Text>
    </View>
    <Text
      style={
        [
          {
            "color": "#FFFFFF",
            "lineHeight": 24,
          },
          {
            "fontFamily": "SourceSansPro-Regular",
            "fontSize": 16,
            "fontWeight": "normal",
            "textAlign": "left",
          },
        ]
      }
    >
      Video
Uploads
    </Text>
  </View>
  <View
    style={
      {
        "width": 10,
      }
    }
  />
  <View
    style={
      {
        "alignItems": "center",
        "backgroundColor": "#A2FD2F",
        "borderRadius": 10,
        "flexBasis": "0%",
        "flexDirection": "row",
        "flexGrow": 1,
        "flexShrink": 1,
        "justifyContent": "flex-start",
      }
    }
  >
    <View
      style={
        {
          "marginLeft": 10,
          "marginRight": 16,
        }
      }
    >
      <Text
        style={
          [
            {
              "color": "#283E36",
              "lineHeight": 64,
            },
            {
              "fontFamily": "SourceSansPro-Regular",
              "fontSize": 48,
              "fontWeight": "bold",
              "textAlign": "center",
            },
          ]
        }
      >
        82
      </Text>
    </View>
    <Text
      style={
        [
          {
            "color": "#283E36",
            "lineHeight": 24,
          },
          {
            "fontFamily": "SourceSansPro-Regular",
            "fontSize": 16,
            "fontWeight": "normal",
            "textAlign": "left",
          },
        ]
      }
    >
      SwingZen
University
    </Text>
  </View>
</View>
`;
