// Jest Snapshot v1, https://goo.gl/fbAQLP

exports[`ArrowContainer component should render ArrowContainer component correctly 1`] = `
<View
  accessibilityState={
    {
      "busy": undefined,
      "checked": undefined,
      "disabled": false,
      "expanded": undefined,
      "selected": undefined,
    }
  }
  accessibilityValue={
    {
      "max": undefined,
      "min": undefined,
      "now": undefined,
      "text": undefined,
    }
  }
  accessible={true}
  collapsable={false}
  focusable={true}
  onClick={[Function]}
  onResponderGrant={[Function]}
  onResponderMove={[Function]}
  onResponderRelease={[Function]}
  onResponderTerminate={[Function]}
  onResponderTerminationRequest={[Function]}
  onStartShouldSetResponder={[Function]}
  style={
    {
      "alignItems": "center",
      "backgroundColor": "#1A5C23",
      "borderRadius": 9999,
      "height": 30,
      "justifyContent": "center",
      "opacity": 1,
      "width": 30,
    }
  }
  testID="ArrowContainerComponentTestID"
/>
`;
