// Jest Snapshot v1, https://goo.gl/fbAQLP

exports[`UTAInfoFive Screen should render UTAInfoFive Screen correctly 1`] = `
<BVLinearGradient
  colors={
    [
      4279917603,
      4278984207,
      4278650631,
    ]
  }
  endPoint={
    {
      "x": 0.5,
      "y": 1,
    }
  }
  locations={null}
  startPoint={
    {
      "x": 0.5,
      "y": 0,
    }
  }
  style={
    {
      "flexBasis": "0%",
      "flexGrow": 1,
      "flexShrink": 1,
      "position": "relative",
    }
  }
>
  <Image
    resizeMode="cover"
    source={
      {
        "testUri": "../../../src/assets/images/grassBackground.jpg",
      }
    }
    style={
      {
        "opacity": 0.1,
        "position": "absolute",
      }
    }
  />
  <RCTSafeAreaView
    style={
      {
        "height": "100%",
        "paddingTop": 50,
      }
    }
  >
    <RCTScrollView
      contentContainerStyle={
        {
          "flexGrow": 1,
        }
      }
      keyboardShouldPersistTaps="handled"
    >
      <View>
        <View
          style={
            {
              "marginLeft": 16,
              "marginRight": 16,
              "marginTop": 32,
            }
          }
          testID="UTAInfoFiveScreenTestID"
        >
          <Text
            style={
              [
                {
                  "color": "#FFFFFF",
                  "lineHeight": 28,
                },
                {
                  "fontFamily": "SourceSansPro-Regular",
                  "fontSize": 18,
                  "fontWeight": "normal",
                  "textAlign": "auto",
                },
              ]
            }
          >
            Note that if you donâ€™t have either a wifi connection or a good cell phone reception, the video upload will be delayed. The system will keep the video in memory until you get a good data connection. It will automatically upload the video to the analyzer at that point.
          
The analyzer usually takes about 1- 2 minutes to deliver the analytic results back to your app. This can vary based on your upload speed and the load on servers.
          </Text>
        </View>
      </View>
    </RCTScrollView>
  </RCTSafeAreaView>
</BVLinearGradient>
`;
