// Jest Snapshot v1, https://goo.gl/fbAQLP

exports[`ASZInfoSeven Screen should render ASZInfoSeven Screen correctly 1`] = `
<BVLinearGradient
  colors={
    [
      4279917603,
      4278984207,
      4278650631,
    ]
  }
  endPoint={
    {
      "x": 0.5,
      "y": 1,
    }
  }
  locations={null}
  startPoint={
    {
      "x": 0.5,
      "y": 0,
    }
  }
  style={
    {
      "flexBasis": "0%",
      "flexGrow": 1,
      "flexShrink": 1,
      "position": "relative",
    }
  }
>
  <Image
    resizeMode="cover"
    source={
      {
        "testUri": "../../../src/assets/images/grassBackground.jpg",
      }
    }
    style={
      {
        "opacity": 0.1,
        "position": "absolute",
      }
    }
  />
  <RCTSafeAreaView
    style={
      {
        "height": "100%",
        "paddingTop": 50,
      }
    }
  >
    <View
      onLayout={[Function]}
      style={
        [
          {
            "flexBasis": "0%",
            "flexGrow": 1,
            "flexShrink": 1,
          },
          {
            "paddingBottom": 0,
          },
        ]
      }
    >
      <RCTScrollView
        contentContainerStyle={
          {
            "flexGrow": 1,
          }
        }
        keyboardShouldPersistTaps="handled"
      >
        <View>
          <View
            style={
              {
                "marginLeft": 16,
                "marginRight": 16,
                "marginTop": 32,
              }
            }
            testID="ASZInfoSevenScreenTestID"
          >
            <Text
              style={
                [
                  {
                    "color": "#FFFFFF",
                    "lineHeight": 28,
                  },
                  {
                    "fontFamily": "SourceSansPro-SemiBold",
                    "fontSize": 18,
                    "fontWeight": "bold",
                    "textAlign": "auto",
                  },
                ]
              }
            >
              Note this is available only with paid subscription.

            </Text>
            <View>
              <Text
                style={
                  [
                    {
                      "color": "#FFFFFF",
                      "lineHeight": 28,
                    },
                    {
                      "fontFamily": "SourceSansPro-SemiBold",
                      "fontSize": 18,
                      "fontWeight": "bold",
                      "textAlign": "auto",
                    },
                  ]
                }
              >
                Setup/Hips Centered:
              </Text>
              <Text
                style={
                  [
                    {
                      "color": "#FFFFFF",
                      "lineHeight": 28,
                    },
                    {
                      "fontFamily": "SourceSansPro-Regular",
                      "fontSize": 18,
                      "fontWeight": "normal",
                      "textAlign": "auto",
                    },
                  ]
                }
              >
                Determines if hips are properly positioned in setup between your feet positions at address.
                

              </Text>
            </View>
            <View>
              <Text
                style={
                  [
                    {
                      "color": "#FFFFFF",
                      "lineHeight": 28,
                    },
                    {
                      "fontFamily": "SourceSansPro-SemiBold",
                      "fontSize": 18,
                      "fontWeight": "bold",
                      "textAlign": "auto",
                    },
                  ]
                }
              >
                Setup/Spine Tilt:
              </Text>
              <Text
                style={
                  [
                    {
                      "color": "#FFFFFF",
                      "lineHeight": 28,
                    },
                    {
                      "fontFamily": "SourceSansPro-Regular",
                      "fontSize": 18,
                      "fontWeight": "normal",
                      "textAlign": "auto",
                    },
                  ]
                }
              >
                Measures proper spine tilt away from the target based on driver or iron shot at address.
                

              </Text>
            </View>
            <View>
              <Text
                style={
                  [
                    {
                      "color": "#FFFFFF",
                      "lineHeight": 28,
                    },
                    {
                      "fontFamily": "SourceSansPro-SemiBold",
                      "fontSize": 18,
                      "fontWeight": "bold",
                      "textAlign": "auto",
                    },
                  ]
                }
              >
                Setup/Shoulder Tilt:
              </Text>
              <Text
                style={
                  [
                    {
                      "color": "#FFFFFF",
                      "lineHeight": 28,
                    },
                    {
                      "fontFamily": "SourceSansPro-Regular",
                      "fontSize": 18,
                      "fontWeight": "normal",
                      "textAlign": "auto",
                    },
                  ]
                }
              >
                Measures proper shoulder tilt away from target at address position.
                

              </Text>
            </View>
            <View>
              <Text
                style={
                  [
                    {
                      "color": "#FFFFFF",
                      "lineHeight": 28,
                    },
                    {
                      "fontFamily": "SourceSansPro-SemiBold",
                      "fontSize": 18,
                      "fontWeight": "bold",
                      "textAlign": "auto",
                    },
                  ]
                }
              >
                Backswing/Takeaway:
              </Text>
              <Text
                style={
                  [
                    {
                      "color": "#FFFFFF",
                      "lineHeight": 28,
                    },
                    {
                      "fontFamily": "SourceSansPro-Regular",
                      "fontSize": 18,
                      "fontWeight": "normal",
                      "textAlign": "auto",
                    },
                  ]
                }
              >
                Determines if the club and arms are taken back in one piece during initial movement in backswing.
                

              </Text>
            </View>
            <View>
              <Text
                style={
                  [
                    {
                      "color": "#FFFFFF",
                      "lineHeight": 28,
                    },
                    {
                      "fontFamily": "SourceSansPro-SemiBold",
                      "fontSize": 18,
                      "fontWeight": "bold",
                      "textAlign": "auto",
                    },
                  ]
                }
              >
                Backswing/Lead Arm:
              </Text>
              <Text
                style={
                  [
                    {
                      "color": "#FFFFFF",
                      "lineHeight": 28,
                    },
                    {
                      "fontFamily": "SourceSansPro-Regular",
                      "fontSize": 18,
                      "fontWeight": "normal",
                      "textAlign": "auto",
                    },
                  ]
                }
              >
                Tracks the angle of lead arm bend during the backswing to determine if excessive bend.
                

              </Text>
            </View>
            <View>
              <Text
                style={
                  [
                    {
                      "color": "#FFFFFF",
                      "lineHeight": 28,
                    },
                    {
                      "fontFamily": "SourceSansPro-SemiBold",
                      "fontSize": 18,
                      "fontWeight": "bold",
                      "textAlign": "auto",
                    },
                  ]
                }
              >
                Backswing/Hip Sway:
              </Text>
              <Text
                style={
                  [
                    {
                      "color": "#FFFFFF",
                      "lineHeight": 28,
                    },
                    {
                      "fontFamily": "SourceSansPro-Regular",
                      "fontSize": 18,
                      "fontWeight": "normal",
                      "textAlign": "auto",
                    },
                  ]
                }
              >
                Tracks position of hips thru backswing to determine proper and efficient movement.
                

              </Text>
            </View>
            <View>
              <Text
                style={
                  [
                    {
                      "color": "#FFFFFF",
                      "lineHeight": 28,
                    },
                    {
                      "fontFamily": "SourceSansPro-SemiBold",
                      "fontSize": 18,
                      "fontWeight": "bold",
                      "textAlign": "auto",
                    },
                  ]
                }
              >
                Backswing/Vertical Head Movement:
              </Text>
              <Text
                style={
                  [
                    {
                      "color": "#FFFFFF",
                      "lineHeight": 28,
                    },
                    {
                      "fontFamily": "SourceSansPro-Regular",
                      "fontSize": 18,
                      "fontWeight": "normal",
                      "textAlign": "auto",
                    },
                  ]
                }
              >
                Tracks position of head thru backswing to determine proper vertical movement.
                

              </Text>
            </View>
            <View>
              <Text
                style={
                  [
                    {
                      "color": "#FFFFFF",
                      "lineHeight": 28,
                    },
                    {
                      "fontFamily": "SourceSansPro-SemiBold",
                      "fontSize": 18,
                      "fontWeight": "bold",
                      "textAlign": "auto",
                    },
                  ]
                }
              >
                Backswing/Lateral Head Movement:
              </Text>
              <Text
                style={
                  [
                    {
                      "color": "#FFFFFF",
                      "lineHeight": 28,
                    },
                    {
                      "fontFamily": "SourceSansPro-Regular",
                      "fontSize": 18,
                      "fontWeight": "normal",
                      "textAlign": "auto",
                    },
                  ]
                }
              >
                Tracks position of head thru backswing to determine proper lateral movement.
                

              </Text>
            </View>
            <View>
              <Text
                style={
                  [
                    {
                      "color": "#FFFFFF",
                      "lineHeight": 28,
                    },
                    {
                      "fontFamily": "SourceSansPro-SemiBold",
                      "fontSize": 18,
                      "fontWeight": "bold",
                      "textAlign": "auto",
                    },
                  ]
                }
              >
                Backswing/Shoulder Tilt:
              </Text>
              <Text
                style={
                  [
                    {
                      "color": "#FFFFFF",
                      "lineHeight": 28,
                    },
                    {
                      "fontFamily": "SourceSansPro-Regular",
                      "fontSize": 18,
                      "fontWeight": "normal",
                      "textAlign": "auto",
                    },
                  ]
                }
              >
                Tracks shoulder tilt thru backswing to determine proper and efficient movement.
                

              </Text>
            </View>
            <View>
              <Text
                style={
                  [
                    {
                      "color": "#FFFFFF",
                      "lineHeight": 28,
                    },
                    {
                      "fontFamily": "SourceSansPro-SemiBold",
                      "fontSize": 18,
                      "fontWeight": "bold",
                      "textAlign": "auto",
                    },
                  ]
                }
              >
                Backswing/Full Backswing:
              </Text>
              <Text
                style={
                  [
                    {
                      "color": "#FFFFFF",
                      "lineHeight": 28,
                    },
                    {
                      "fontFamily": "SourceSansPro-Regular",
                      "fontSize": 18,
                      "fontWeight": "normal",
                      "textAlign": "auto",
                    },
                  ]
                }
              >
                Tracks clubhead to determine if too far rotation in backswing.
                

              </Text>
            </View>
            <View>
              <Text
                style={
                  [
                    {
                      "color": "#FFFFFF",
                      "lineHeight": 28,
                    },
                    {
                      "fontFamily": "SourceSansPro-SemiBold",
                      "fontSize": 18,
                      "fontWeight": "bold",
                      "textAlign": "auto",
                    },
                  ]
                }
              >
                Downswing/Club Lag Release Point:
              </Text>
              <Text
                style={
                  [
                    {
                      "color": "#FFFFFF",
                      "lineHeight": 28,
                    },
                    {
                      "fontFamily": "SourceSansPro-Regular",
                      "fontSize": 18,
                      "fontWeight": "normal",
                      "textAlign": "auto",
                    },
                  ]
                }
              >
                Tracks the club lag angle to determine when the angle is released at the most efficient point for power and consistency.
                

              </Text>
            </View>
            <View>
              <Text
                style={
                  [
                    {
                      "color": "#FFFFFF",
                      "lineHeight": 28,
                    },
                    {
                      "fontFamily": "SourceSansPro-SemiBold",
                      "fontSize": 18,
                      "fontWeight": "bold",
                      "textAlign": "auto",
                    },
                  ]
                }
              >
                Downswing/Vertical Head Movement:
              </Text>
              <Text
                style={
                  [
                    {
                      "color": "#FFFFFF",
                      "lineHeight": 28,
                    },
                    {
                      "fontFamily": "SourceSansPro-Regular",
                      "fontSize": 18,
                      "fontWeight": "normal",
                      "textAlign": "auto",
                    },
                  ]
                }
              >
                Tracks position of head thru downswing to determine proper vertical movement.
                

              </Text>
            </View>
            <View>
              <Text
                style={
                  [
                    {
                      "color": "#FFFFFF",
                      "lineHeight": 28,
                    },
                    {
                      "fontFamily": "SourceSansPro-SemiBold",
                      "fontSize": 18,
                      "fontWeight": "bold",
                      "textAlign": "auto",
                    },
                  ]
                }
              >
                Downswing/Lateral Head Movement:
              </Text>
              <Text
                style={
                  [
                    {
                      "color": "#FFFFFF",
                      "lineHeight": 28,
                    },
                    {
                      "fontFamily": "SourceSansPro-Regular",
                      "fontSize": 18,
                      "fontWeight": "normal",
                      "textAlign": "auto",
                    },
                  ]
                }
              >
                Tracks position of head thru downswing to determine proper lateral movement.
                

              </Text>
            </View>
            <View>
              <Text
                style={
                  [
                    {
                      "color": "#FFFFFF",
                      "lineHeight": 28,
                    },
                    {
                      "fontFamily": "SourceSansPro-SemiBold",
                      "fontSize": 18,
                      "fontWeight": "bold",
                      "textAlign": "auto",
                    },
                  ]
                }
              >
                Downswing/Weight Transfer:
              </Text>
              <Text
                style={
                  [
                    {
                      "color": "#FFFFFF",
                      "lineHeight": 28,
                    },
                    {
                      "fontFamily": "SourceSansPro-Regular",
                      "fontSize": 18,
                      "fontWeight": "normal",
                      "textAlign": "auto",
                    },
                  ]
                }
              >
                Tracks the body movement thru impact to determine proper and efficient movement.
                

              </Text>
            </View>
          </View>
        </View>
      </RCTScrollView>
    </View>
  </RCTSafeAreaView>
</BVLinearGradient>
`;
