// Jest Snapshot v1, https://goo.gl/fbAQLP

exports[`CustomHeader Component should render CustomHeader component correctly 1`] = `
<View
  collapsable={false}
  pointerEvents="box-none"
  style={
    {
      "flex": 1,
    }
  }
>
  <View
    style={
      {
        "flexDirection": "row",
        "justifyContent": "space-between",
        "marginTop": 0,
      }
    }
    testID="CustomHeaderTestID"
  >
    <View
      accessibilityState={
        {
          "busy": undefined,
          "checked": undefined,
          "disabled": undefined,
          "expanded": undefined,
          "selected": undefined,
        }
      }
      accessibilityValue={
        {
          "max": undefined,
          "min": undefined,
          "now": undefined,
          "text": undefined,
        }
      }
      accessible={true}
      collapsable={false}
      focusable={true}
      onClick={[Function]}
      onResponderGrant={[Function]}
      onResponderMove={[Function]}
      onResponderRelease={[Function]}
      onResponderTerminate={[Function]}
      onResponderTerminationRequest={[Function]}
      onStartShouldSetResponder={[Function]}
      style={
        {
          "opacity": 1,
          "paddingLeft": 16,
          "paddingRight": 16,
        }
      }
    >
      <SvgMock
        height={20}
        width={12}
      />
    </View>
    <Text
      style={
        [
          {
            "color": "#F8F9FA",
            "lineHeight": 28,
          },
          {
            "fontFamily": "SourceSansPro-SemiBold",
            "fontSize": 21,
            "fontWeight": "600",
            "textAlign": "center",
          },
        ]
      }
    >
      testTitle
    </Text>
    <View
      style={
        {
          "width": 48,
        }
      }
    />
  </View>
</View>
`;
