// Jest Snapshot v1, https://goo.gl/fbAQLP

exports[`MonthSelector component should render MonthSelector component correctly 1`] = `
<View
  style={
    {
      "alignItems": "center",
      "display": "flex",
      "flexDirection": "row",
      "height": 72,
      "justifyContent": "space-between",
      "paddingLeft": 16,
      "paddingRight": 16,
    }
  }
  testID="MonthSelectorComponentTestID"
>
  <View
    accessibilityState={
      {
        "busy": undefined,
        "checked": undefined,
        "disabled": false,
        "expanded": undefined,
        "selected": undefined,
      }
    }
    accessibilityValue={
      {
        "max": undefined,
        "min": undefined,
        "now": undefined,
        "text": undefined,
      }
    }
    accessible={true}
    collapsable={false}
    focusable={true}
    onClick={[Function]}
    onResponderGrant={[Function]}
    onResponderMove={[Function]}
    onResponderRelease={[Function]}
    onResponderTerminate={[Function]}
    onResponderTerminationRequest={[Function]}
    onStartShouldSetResponder={[Function]}
    style={
      {
        "alignItems": "center",
        "backgroundColor": "#1A5C23",
        "borderRadius": 9999,
        "height": 30,
        "justifyContent": "center",
        "opacity": 1,
        "width": 30,
      }
    }
    testID="ArrowContainerComponentTestID"
  >
    <SvgMock
      fill="#FFFFFF"
      height={15}
      width={15}
    />
  </View>
  <Text
    style={
      [
        {
          "color": "#1A5C23",
          "lineHeight": 28,
        },
        {
          "fontFamily": "SourceSansPro-SemiBold",
          "fontSize": 24,
          "fontWeight": "600",
          "textAlign": "center",
        },
      ]
    }
  >
    May 2023
  </Text>
  <View
    accessibilityState={
      {
        "busy": undefined,
        "checked": undefined,
        "disabled": true,
        "expanded": undefined,
        "selected": undefined,
      }
    }
    accessibilityValue={
      {
        "max": undefined,
        "min": undefined,
        "now": undefined,
        "text": undefined,
      }
    }
    accessible={true}
    collapsable={false}
    focusable={true}
    onClick={[Function]}
    onResponderGrant={[Function]}
    onResponderMove={[Function]}
    onResponderRelease={[Function]}
    onResponderTerminate={[Function]}
    onResponderTerminationRequest={[Function]}
    onStartShouldSetResponder={[Function]}
    style={
      {
        "alignItems": "center",
        "backgroundColor": "#6C757D",
        "borderRadius": 9999,
        "height": 30,
        "justifyContent": "center",
        "opacity": 1,
        "width": 30,
      }
    }
    testID="ArrowContainerComponentTestID"
  >
    <SvgMock
      fill="#FFFFFF"
      height={15}
      width={15}
    />
  </View>
</View>
`;
