// Jest Snapshot v1, https://goo.gl/fbAQLP

exports[`AnalysisData Card Component should render AnalysisData Card component correctly 1`] = `
<View
  style={
    {
      "alignItems": "center",
      "backgroundColor": "#283E36",
      "borderRadius": 10,
      "flexDirection": "row",
      "height": 64,
      "justifyContent": "space-between",
      "marginBottom": 7,
      "marginLeft": 8,
      "marginRight": 8,
      "marginTop": 7,
      "paddingLeft": 20,
      "paddingRight": 20,
    }
  }
  testID="AnalysisDataCardTestID"
>
  <View
    style={
      {
        "alignItems": "center",
        "flexDirection": "row",
        "gap": 30,
      }
    }
  >
    <View
      style={
        {
          "alignItems": "center",
          "backgroundColor": "#45734A",
          "borderRadius": 9999,
          "elevation": 3,
          "height": 40,
          "justifyContent": "center",
          "shadowColor": "rgba(0, 0, 0, 0.25)",
          "shadowOffset": {
            "height": 1,
            "width": 1,
          },
          "shadowOpacity": 0.125,
          "shadowRadius": 3,
          "width": 40,
        }
      }
    >
      <Text
        style={
          [
            {
              "color": "#F0F7F0",
              "lineHeight": 28,
            },
            {
              "fontFamily": "SourceSansPro-SemiBold",
              "fontSize": 24,
              "fontWeight": "600",
              "textAlign": "center",
            },
          ]
        }
      >
        10
      </Text>
    </View>
    <Text
      style={
        [
          {
            "color": "#FFFFFF",
            "lineHeight": 24,
          },
          {
            "fontFamily": "SourceSansPro-SemiBold",
            "fontSize": 16,
            "fontWeight": "600",
            "textAlign": "center",
          },
        ]
      }
    >
      Overall
    </Text>
  </View>
  <View
    style={
      {
        "alignItems": "center",
        "borderColor": "#F8F9FA",
        "borderLeftWidth": 2,
        "flexDirection": "row",
        "gap": 10,
        "paddingLeft": 30,
      }
    }
  >
    <Text
      style={
        [
          {
            "color": "#C0DBBF",
            "lineHeight": 24,
          },
          {
            "fontFamily": "SourceSansPro-Regular",
            "fontSize": 16,
            "fontWeight": "normal",
            "textAlign": "center",
          },
        ]
      }
    >
      June
    </Text>
    <Text
      style={
        [
          {
            "color": "#FFFFFF",
            "lineHeight": 40,
          },
          {
            "fontFamily": "SourceSansPro-Regular",
            "fontSize": 28,
            "fontWeight": "600",
            "textAlign": "center",
          },
        ]
      }
    >
      09
    </Text>
  </View>
</View>
`;
