// Jest Snapshot v1, https://goo.gl/fbAQLP

exports[`UTAInfoTen Screen should render UTAInfoTen Screen correctly 1`] = `
<BVLinearGradient
  colors={
    [
      4279917603,
      4278984207,
      4278650631,
    ]
  }
  endPoint={
    {
      "x": 0.5,
      "y": 1,
    }
  }
  locations={null}
  startPoint={
    {
      "x": 0.5,
      "y": 0,
    }
  }
  style={
    {
      "flexBasis": "0%",
      "flexGrow": 1,
      "flexShrink": 1,
      "position": "relative",
    }
  }
>
  <Image
    resizeMode="cover"
    source={
      {
        "testUri": "../../../src/assets/images/grassBackground.jpg",
      }
    }
    style={
      {
        "opacity": 0.1,
        "position": "absolute",
      }
    }
  />
  <RCTSafeAreaView
    style={
      {
        "height": "100%",
        "paddingTop": 50,
      }
    }
  >
    <RCTScrollView
      contentContainerStyle={
        {
          "flexGrow": 1,
        }
      }
      keyboardShouldPersistTaps="handled"
    >
      <View>
        <View
          style={
            {
              "marginLeft": 16,
              "marginRight": 16,
              "marginTop": 32,
            }
          }
          testID="UTAInfoTenScreenTestID"
        >
          <Text
            style={
              [
                {
                  "color": "#FFFFFF",
                  "lineHeight": 28,
                },
                {
                  "fontFamily": "SourceSansPro-Regular",
                  "fontSize": 18,
                  "fontWeight": "normal",
                  "textAlign": "auto",
                },
              ]
            }
          >
            SwingZenâ€™s concept of AI Pro instruction is to provide a similar process of instruction that any PGA/LPGA Pro would utilize.
          
The first step in building a quality swing is to start with your setup. Setup is your swing foundation. Once you get that right you can build off of it. Your AI Pro swing results are listed in priority starting with setup and progressing through the swing. Before you focus on the next thing, master the first priority item and then move on to the next.
          </Text>
        </View>
      </View>
    </RCTScrollView>
  </RCTSafeAreaView>
</BVLinearGradient>
`;
