// Jest Snapshot v1, https://goo.gl/fbAQLP

exports[`UTAInfoOne Screen should render UTAInfoOne Screen correctly 1`] = `
<BVLinearGradient
  colors={
    [
      4279917603,
      4278984207,
      4278650631,
    ]
  }
  endPoint={
    {
      "x": 0.5,
      "y": 1,
    }
  }
  locations={null}
  startPoint={
    {
      "x": 0.5,
      "y": 0,
    }
  }
  style={
    {
      "flexBasis": "0%",
      "flexGrow": 1,
      "flexShrink": 1,
      "position": "relative",
    }
  }
>
  <Image
    resizeMode="cover"
    source={
      {
        "testUri": "../../../src/assets/images/grassBackground.jpg",
      }
    }
    style={
      {
        "opacity": 0.1,
        "position": "absolute",
      }
    }
  />
  <RCTSafeAreaView
    style={
      {
        "height": "100%",
        "paddingTop": 50,
      }
    }
  >
    <RCTScrollView
      contentContainerStyle={
        {
          "flexGrow": 1,
        }
      }
      keyboardShouldPersistTaps="handled"
    >
      <View>
        <View
          style={
            {
              "marginLeft": 16,
              "marginRight": 16,
              "marginTop": 32,
            }
          }
          testID="UTAInfoOneScreenTestID"
        >
          <Text
            style={
              [
                {
                  "color": "#FFFFFF",
                  "lineHeight": 28,
                },
                {
                  "fontFamily": "SourceSansPro-Regular",
                  "fontSize": 18,
                  "fontWeight": "normal",
                  "textAlign": "auto",
                },
              ]
            }
          >
            Now that you know why our app stands out from the crowd and why our user experience is designed the way it is, it's time to learn how to set up, record, and analyze your videos.
          
But first, keep this in mind as you are learning how to use the SwingZen app system:
          
It doesnâ€™t matter if it is a $20,000 launch monitor or an in-app swing analyzer system like ours, understanding how to properly use the system will help provide the best results. The SwingZen app is designed to help you through the process with our new In-App-Capture technology, but again knowledge is power!
          
Before you record your first swing video, follow these tips to make sure the environment you are recording will assist in getting the best feedback.
          </Text>
        </View>
      </View>
    </RCTScrollView>
  </RCTSafeAreaView>
</BVLinearGradient>
`;
