// Jest Snapshot v1, https://goo.gl/fbAQLP

exports[`How to shoot step two Should render How to shoot step two correctly 1`] = `
<View>
  <Text
    style={
      [
        {
          "color": "#C0DBBF",
          "lineHeight": 28,
        },
        {
          "fontFamily": "SourceSansPro-SemiBold",
          "fontSize": 18,
          "fontWeight": "bold",
          "textAlign": "auto",
        },
      ]
    }
  >
    Down The Line/Hand-Held Instructions

  </Text>
  <Text
    style={
      [
        {
          "color": "#FFFFFF",
          "lineHeight": 28,
        },
        {
          "fontFamily": "SourceSansPro-Regular",
          "fontSize": 18,
          "fontWeight": "normal",
          "textAlign": "auto",
        },
      ]
    }
  >
    Have your buddy take 4 paces/12 ft behind the ball pointing towards the target.

  </Text>
  <View
    style={
      [
        {
          "overflow": "hidden",
        },
        [
          {
            "borderColor": "#FFFFFF",
            "borderWidth": 4,
            "width": "100%",
          },
          {
            "aspectRatio": 1.7378640776699028,
          },
        ],
      ]
    }
  >
    <FastImageView
      defaultSource={null}
      resizeMode="cover"
      source={
        {
          "cache": "immutable",
          "priority": "high",
          "uri": "https://files.dev.swingzen.com/gifs/downtheline.gif",
        }
      }
      style={
        {
          "bottom": 0,
          "left": 0,
          "position": "absolute",
          "right": 0,
          "top": 0,
        }
      }
    />
  </View>
  <Text
    style={
      [
        {
          "color": "#FFFFFF",
          "lineHeight": 28,
        },
        {
          "fontFamily": "SourceSansPro-Regular",
          "fontSize": 18,
          "fontWeight": "normal",
          "textAlign": "auto",
        },
      ]
    }
  >
    
Have your buddy hold the phone in portrait mode.

  </Text>
  <View
    style={
      [
        {
          "overflow": "hidden",
        },
        [
          {
            "borderColor": "#FFFFFF",
            "borderWidth": 4,
            "width": "100%",
          },
          {
            "aspectRatio": 1.7378640776699028,
          },
        ],
      ]
    }
  >
    <FastImageView
      defaultSource={null}
      resizeMode="cover"
      source={
        {
          "cache": "immutable",
          "priority": "high",
          "uri": "https://files.dev.swingzen.com/gifs/Landscape.gif",
        }
      }
      style={
        {
          "bottom": 0,
          "left": 0,
          "position": "absolute",
          "right": 0,
          "top": 0,
        }
      }
    />
  </View>
</View>
`;
