// Jest Snapshot v1, https://goo.gl/fbAQLP

exports[`Library Info Screen should render Library Info Screen correctly 1`] = `
<BVLinearGradient
  colors={
    [
      4279917603,
      4278984207,
      4278650631,
    ]
  }
  endPoint={
    {
      "x": 0.5,
      "y": 1,
    }
  }
  locations={null}
  startPoint={
    {
      "x": 0.5,
      "y": 0,
    }
  }
  style={
    {
      "flexBasis": "0%",
      "flexGrow": 1,
      "flexShrink": 1,
      "position": "relative",
    }
  }
  testID="LibraryInfoScreenTestID"
>
  <Image
    resizeMode="cover"
    source={
      {
        "testUri": "../../../src/assets/images/grassBackground.jpg",
      }
    }
    style={
      {
        "opacity": 0.1,
        "position": "absolute",
      }
    }
  />
  <RCTSafeAreaView
    style={
      {
        "height": "100%",
        "paddingTop": 50,
      }
    }
  >
    <View
      onLayout={[Function]}
      style={
        [
          {
            "flexBasis": "0%",
            "flexGrow": 1,
            "flexShrink": 1,
          },
          {
            "paddingBottom": 0,
          },
        ]
      }
    >
      <RCTScrollView
        contentContainerStyle={
          {
            "flexGrow": 1,
          }
        }
        keyboardShouldPersistTaps="handled"
      >
        <View>
          <View
            style={
              {
                "marginLeft": 16,
                "marginRight": 16,
                "marginTop": 32,
              }
            }
          >
            <Text
              style={
                [
                  {
                    "color": "#FFFFFF",
                    "lineHeight": 28,
                  },
                  {
                    "fontFamily": "SourceSansPro-Regular",
                    "fontSize": 18,
                    "fontWeight": "normal",
                    "textAlign": "auto",
                  },
                ]
              }
            >
              dummy description
            </Text>
            <View
              style={
                {
                  "flexBasis": "0%",
                  "flexGrow": 1,
                  "flexShrink": 1,
                  "marginLeft": 8,
                }
              }
            >
              <View
                style={
                  {
                    "flexDirection": "row",
                    "gap": 12,
                  }
                }
              >
                <Text
                  style={
                    [
                      {
                        "color": "#FFFFFF",
                        "lineHeight": 28,
                      },
                      {
                        "fontFamily": "SourceSansPro-Regular",
                        "fontSize": 18,
                        "fontWeight": "normal",
                        "textAlign": "auto",
                      },
                    ]
                  }
                >
                  1
                  .
                </Text>
                <Text
                  style={
                    [
                      {
                        "color": "#FFFFFF",
                        "lineHeight": 28,
                      },
                      {
                        "fontFamily": "SourceSansPro-SemiBold",
                        "fontSize": 18,
                        "fontWeight": "bold",
                        "textAlign": "auto",
                      },
                    ]
                  }
                >
                  dummy title
                </Text>
              </View>
              <View
                style={
                  {
                    "marginLeft": 24,
                  }
                }
              >
                <Text
                  style={
                    [
                      {
                        "color": "#FFFFFF",
                        "lineHeight": 28,
                      },
                      {
                        "fontFamily": "SourceSansPro-Regular",
                        "fontSize": 18,
                        "fontWeight": "normal",
                        "textAlign": "auto",
                      },
                    ]
                  }
                >
                  dummy body
                  

                </Text>
              </View>
            </View>
          </View>
        </View>
      </RCTScrollView>
    </View>
  </RCTSafeAreaView>
</BVLinearGradient>
`;
