// Jest Snapshot v1, https://goo.gl/fbAQLP

exports[`Profile Image Upload component should render component correctly 1`] = `
<View
  collapsable={false}
  pointerEvents="box-none"
  style={
    {
      "flex": 1,
    }
  }
>
  <View
    style={
      {
        "marginBottom": "auto",
        "marginLeft": "auto",
        "marginRight": "auto",
        "marginTop": "auto",
      }
    }
    testID="ProfileImageComponentTestID"
  >
    <View
      accessibilityState={
        {
          "busy": undefined,
          "checked": undefined,
          "disabled": undefined,
          "expanded": undefined,
          "selected": undefined,
        }
      }
      accessibilityValue={
        {
          "max": undefined,
          "min": undefined,
          "now": undefined,
          "text": undefined,
        }
      }
      accessible={true}
      collapsable={false}
      focusable={true}
      onClick={[Function]}
      onResponderGrant={[Function]}
      onResponderMove={[Function]}
      onResponderRelease={[Function]}
      onResponderTerminate={[Function]}
      onResponderTerminationRequest={[Function]}
      onStartShouldSetResponder={[Function]}
      style={
        {
          "opacity": 1,
        }
      }
    >
      <View
        style={
          {
            "alignItems": "center",
            "backgroundColor": "#1A5C23",
            "borderColor": "#F8F9FA",
            "borderRadius": 9999,
            "borderWidth": 2,
            "height": 134,
            "justifyContent": "center",
            "width": 134,
            "zIndex": 0,
          }
        }
      >
        <Text
          style={
            [
              {
                "color": "#F8F9FA",
                "lineHeight": 40,
              },
              {
                "fontFamily": "SourceSansPro-Regular",
                "fontSize": 28,
                "fontWeight": "600",
                "textAlign": "center",
              },
            ]
          }
        >
          SZ
        </Text>
      </View>
      <View
        style={
          {
            "alignItems": "center",
            "backgroundColor": "#F8F9FA",
            "borderRadius": 9999,
            "height": 28,
            "justifyContent": "center",
            "position": "absolute",
            "right": 2.75,
            "top": 2.75,
            "width": 28,
            "zIndex": 20,
          }
        }
      >
        <SvgMock
          fill="#3C563E"
          height={10}
          width={14}
        />
      </View>
    </View>
    <View
      testID="ImageUplaodModalTestID"
    >
      <Modal
        animationType="none"
        deviceHeight={null}
        deviceWidth={null}
        hardwareAccelerated={false}
        hideModalContentWhileAnimating={false}
        onBackdropPress={[Function]}
        onModalHide={[Function]}
        onModalWillHide={[Function]}
        onModalWillShow={[Function]}
        onRequestClose={[Function]}
        panResponderThreshold={4}
        scrollHorizontal={false}
        scrollOffset={0}
        scrollOffsetMax={0}
        scrollTo={null}
        statusBarTranslucent={false}
        supportedOrientations={
          [
            "portrait",
            "landscape",
          ]
        }
        swipeThreshold={100}
        transparent={true}
        visible={false}
      />
    </View>
  </View>
</View>
`;
