// Jest Snapshot v1, https://goo.gl/fbAQLP

exports[`Failed Video Screen should render failed screen ui screen correctly 1`] = `
<View
  collapsable={false}
  pointerEvents="box-none"
  style={
    {
      "flex": 1,
    }
  }
>
  <BVLinearGradient
    colors={
      [
        4279917603,
        4278984207,
        4278650631,
      ]
    }
    endPoint={
      {
        "x": 0.5,
        "y": 1,
      }
    }
    locations={null}
    startPoint={
      {
        "x": 0.5,
        "y": 0,
      }
    }
    style={
      {
        "flexBasis": "0%",
        "flexGrow": 1,
        "flexShrink": 1,
        "position": "relative",
      }
    }
  >
    <Image
      resizeMode="cover"
      source={
        {
          "testUri": "../../../src/assets/images/grassBackground.jpg",
        }
      }
      style={
        {
          "opacity": 0.1,
          "position": "absolute",
        }
      }
    />
    <RCTSafeAreaView
      style={
        {
          "height": "100%",
          "paddingTop": 50,
        }
      }
    >
      <View
        onLayout={[Function]}
        style={
          [
            {
              "flexBasis": "0%",
              "flexGrow": 1,
              "flexShrink": 1,
            },
            {
              "paddingBottom": 0,
            },
          ]
        }
      >
        <RCTScrollView
          contentContainerStyle={
            {
              "flexGrow": 1,
            }
          }
          keyboardShouldPersistTaps="handled"
        >
          <View>
            <View
              style={
                {
                  "marginLeft": 16,
                  "marginRight": 16,
                  "marginTop": 20,
                }
              }
              testID="FailedVideoScreenTestId"
            >
              <View
                style={
                  {
                    "borderRadius": 10,
                    "height": 192,
                    "overflow": "hidden",
                  }
                }
              >
                <BVLinearGradient
                  colors={
                    [
                      1475762197,
                      3220592661,
                    ]
                  }
                  endPoint={
                    {
                      "x": 0.5,
                      "y": 1,
                    }
                  }
                  locations={
                    [
                      0,
                      1,
                    ]
                  }
                  startPoint={
                    {
                      "x": 0.5,
                      "y": 0,
                    }
                  }
                  style={
                    {
                      "borderColor": "rgba(246, 88, 21, 0.34)",
                      "borderRadius": 10,
                      "borderWidth": 1,
                      "flexBasis": "0%",
                      "flexGrow": 1,
                      "flexShrink": 1,
                      "overflow": "hidden",
                    }
                  }
                >
                  <View
                    style={
                      {
                        "alignItems": "center",
                        "flexBasis": "0%",
                        "flexGrow": 1,
                        "flexShrink": 1,
                        "gap": 1,
                        "justifyContent": "center",
                      }
                    }
                  >
                    <SvgMock
                      fill="#F65815"
                      height={54}
                      width={54}
                    />
                    <Text
                      style={
                        [
                          {
                            "color": "#F8F9FA",
                            "lineHeight": 24,
                          },
                          {
                            "fontFamily": "SourceSansPro-Regular",
                            "fontSize": 16,
                            "fontWeight": "normal",
                            "textAlign": "center",
                          },
                        ]
                      }
                    >
                      Video analysis failed!
                    </Text>
                    <View
                      style={
                        {
                          "marginTop": 4,
                        }
                      }
                    >
                      <Text
                        onPress={[Function]}
                        style={
                          [
                            {
                              "color": "#FFFFFF",
                              "lineHeight": 20,
                            },
                            {
                              "fontFamily": "SourceSansPro-Regular",
                              "fontSize": 16,
                              "fontWeight": "bold",
                              "textAlign": "center",
                              "textDecorationLine": "underline",
                            },
                          ]
                        }
                      />
                    </View>
                  </View>
                </BVLinearGradient>
              </View>
              <View
                style={
                  {
                    "marginTop": 32,
                  }
                }
              >
                <Text
                  style={
                    [
                      {
                        "color": "#F8F9FA",
                        "lineHeight": 28,
                      },
                      {
                        "fontFamily": "SourceSansPro-SemiBold",
                        "fontSize": 18,
                        "fontWeight": "bold",
                        "textAlign": "left",
                      },
                    ]
                  }
                >
                  Here's why your video has failed
                </Text>
                <View
                  style={
                    {
                      "marginLeft": 36,
                      "marginRight": 36,
                      "marginTop": 10,
                    }
                  }
                >
                  <Text
                    style={
                      [
                        {
                          "color": "#F8F9FA",
                          "lineHeight": 24,
                        },
                        {
                          "fontFamily": "SourceSansPro-Regular",
                          "fontSize": 16,
                          "fontWeight": "normal",
                          "textAlign": "left",
                        },
                      ]
                    }
                  >
                    • Too far away from golfer
                  </Text>
                  <Text
                    style={
                      [
                        {
                          "color": "#F8F9FA",
                          "lineHeight": 24,
                        },
                        {
                          "fontFamily": "SourceSansPro-Regular",
                          "fontSize": 16,
                          "fontWeight": "normal",
                          "textAlign": "left",
                        },
                      ]
                    }
                  >
                    • Too close to golfer
                  </Text>
                  <Text
                    style={
                      [
                        {
                          "color": "#F8F9FA",
                          "lineHeight": 24,
                        },
                        {
                          "fontFamily": "SourceSansPro-Regular",
                          "fontSize": 16,
                          "fontWeight": "normal",
                          "textAlign": "left",
                        },
                      ]
                    }
                  >
                    • Poor lighting. (Usually when indoors or at dusk outside.)
                  </Text>
                  <Text
                    style={
                      [
                        {
                          "color": "#F8F9FA",
                          "lineHeight": 24,
                        },
                        {
                          "fontFamily": "SourceSansPro-Regular",
                          "fontSize": 16,
                          "fontWeight": "normal",
                          "textAlign": "left",
                        },
                      ]
                    }
                  >
                    • Too much clutter in background (Usually indoors)
                  </Text>
                  <Text
                    style={
                      [
                        {
                          "color": "#F8F9FA",
                          "lineHeight": 24,
                        },
                        {
                          "fontFamily": "SourceSansPro-Regular",
                          "fontSize": 16,
                          "fontWeight": "normal",
                          "textAlign": "left",
                        },
                      ]
                    }
                  >
                    • More than one person in video
                  </Text>
                </View>
              </View>
            </View>
          </View>
        </RCTScrollView>
      </View>
    </RCTSafeAreaView>
  </BVLinearGradient>
</View>
`;
